// Jest Snapshot v1, https://goo.gl/fbAQLP

exports[`<Option /> should render in a div 1`] = `
<div
  className="be-opt"
  disabled={false}
  onClick={[Function]}
>
  <span>
    abcd
  </span>
</div>
`;
