exports[`<BaseTemplate /> renders snapshot 1`] = `<Connect(HeaderWrapper) />`;
