// Jest Snapshot v1, https://goo.gl/fbAQLP

exports[`<ArticleFooter /> renders snapshot 1`] = `
<styled.footer>
  <styled.div>
    <styled.img
      src="https://boldr.io/images/logo.png"
    />
    <styled.section>
      <styled.h4>
        <Link
          replace={false}
          to="/profiles/TestUser"
        >
          Steven
           
          Smith
        </Link>
      </styled.h4>
      <styled.p>
        This is a bio
      </styled.p>
    </styled.section>
  </styled.div>
</styled.footer>
`;
