// Jest Snapshot v1, https://goo.gl/fbAQLP

exports[`<ArticleTitle /> renders snapshot 1`] = `
<styled.div>
  <Headline
    lightText={true}
    type="h1"
  />
</styled.div>
`;
