exports[`<PostCard /> renders snapshot 1`] = `
<div
  className="post__card-wrapper">
  <Card
    fluid={true}>
    <Image
      as="img"
      className="post__card-image"
      ui={true} />
    <CardContent>
      <CardHeader />
      <CardMeta>
        NaN/NaN/0NaN
      </CardMeta>
      <CardDescription />
    </CardContent>
    <CardContent
      extra={true}>
      <Row
        componentClass="div">
        <Link
          onlyActiveOnIndex={false}
          style={Object {}}
          to="/blog/undefined">
          <Button
            as="button"
            primary={true}>
            Read More
          </Button>
        </Link>
      </Row>
      <Row
        componentClass="div"
        xsEnd={true}>
        <Component />
      </Row>
    </CardContent>
  </Card>
</div>
`;
