// Jest Snapshot v1, https://goo.gl/fbAQLP

exports[`<NavbarItem /> should match the snapshot 1`] = `
<NavLink
  activeClassName="active"
  className="boldrui-navbar__item"
  href="#"
  to="#"
/>
`;
