// Jest Snapshot v1, https://goo.gl/fbAQLP

exports[`<Option /> should render in a div 1`] = `
<Option.styled__OptionWrapper
  disabled={false}
  isDark={false}
  onClick={[Function]}
>
  <span>
    abcd
  </span>
</Option.styled__OptionWrapper>
`;
