// Jest Snapshot v1, https://goo.gl/fbAQLP

exports[`<DropdownOption /> should render as an li 1`] = `
<li
  className="be-dd__opt--default"
  onClick={[Function]}
  onKeyDown={[Function]}
  onMouseEnter={[Function]}
  onMouseLeave={[Function]}
>
  <div>
    abcd
  </div>
</li>
`;
