// Jest Snapshot v1, https://goo.gl/fbAQLP

exports[`<Dropdown /> should have a div when rendered 1`] = `
<Dropdown.styled__DropdownWrapper
  aria-label="be-dropdown"
  isSkinny={false}
>
  <Dropdown.styled__DropdownSelectedText>
    <span>
      abcd
    </span>
    <Dropdown.styled__CaretOpen />
  </Dropdown.styled__DropdownSelectedText>
</Dropdown.styled__DropdownWrapper>
`;
