// Jest Snapshot v1, https://goo.gl/fbAQLP

exports[`<NavItemLabel /> should match the snapshot 1`] = `
<span>
  <span
    className="boldrui-sh__navitem-text"
  >
    abc
  </span>
</span>
`;
