exports[`test renders snapshot 1`] = `
<img
  className="boldr-image" />
`;
