// Jest Snapshot v1, https://goo.gl/fbAQLP

exports[`<ArticleContent /> renders snapshot 1`] = `
<article>
  <Paper
    component="div"
    isPadded={false}
    isRounded={false}
    zDepth={2}
  >
    <ArticleDate />
    <Divider />
    <div
      className="boldrui-article__content"
      dangerouslySetInnerHTML={
        Object {
          "__html": undefined,
        }
      }
    />
  </Paper>
</article>
`;
