// Jest Snapshot v1, https://goo.gl/fbAQLP

exports[`<About /> renders snapshot 1`] = `
<div>
  <HelmetWrapper
    defer={true}
    encodeSpecialCharacters={true}
    title="About"
  />
  <Heading
    text="About"
    type="h1"
  />
</div>
`;
