exports[`<Blockquote /> renders snapshot 1`] = `
<svg
  height="18"
  viewBox="0 0 18 18"
  width="18">
  <path
    d="M10 5v5h2.75L11 13h2.25L15 10V5h-5zm-7 5h2.75L4 13h2.25L8 10V5H3v5z" />
</svg>
`;
