exports[`<Monospace /> renders snapshot 1`] = `
<svg
  height="18"
  viewBox="0 0 18 18"
  width="18"
  xmlns="http://www.w3.org/2000/svg">
  <path
    d="M6.559,5.023,9,12.242l2.428-7.219H14v9.953H12.035V12.256l.2-4.7L9.666,14.977H8.321L5.762,7.566l.2,4.689v2.721H4V5.023Z" />
  <polygon
    points="15 1 15 2 3 2 3 1 1 1 1 5 3 5 3 4 15 4 15 5 17 5 17 1 15 1" />
</svg>
`;
